// Jest Snapshot v1, https://goo.gl/fbAQLP

exports[`HomePage should match snapshot 1`] = `"<h1>Home Page</h1><button class=\\"MuiButtonBase-root MuiButton-root MuiButton-contained MuiButton-containedPrimary\\" tabindex=\\"0\\" type=\\"button\\" data-testid=\\"sign-out-button\\"><span class=\\"MuiButton-label\\">Sign Out</span><span class=\\"MuiTouchRipple-root\\"></span></button>"`;
